// Jest Snapshot v1, https://goo.gl/fbAQLP

exports[`it matches snapshot 1`] = `
<div>
  <h3>
    Tasks: 
    2
  </h3>
  <div
    className="Task"
  >
    <div
      className="Task-data"
    >
      2
       - 
    </div>
    <div
      className="Task-controls"
    >
      <a
        href="javascript:void(0)"
        onClick={[Function]}
      >
        Update
      </a>
       |
      <a
        href="javascript:void(0)"
        onClick={[Function]}
      >
        Delete
      </a>
    </div>
  </div>
  <div
    className="Task"
  >
    <div
      className="Task-data"
    >
      4
       - 
    </div>
    <div
      className="Task-controls"
    >
      <a
        href="javascript:void(0)"
        onClick={[Function]}
      >
        Update
      </a>
       |
      <a
        href="javascript:void(0)"
        onClick={[Function]}
      >
        Delete
      </a>
    </div>
  </div>
  <div>
    <a
      href="javascript:void(0)"
      onClick={[Function]}
    >
      Add Task
    </a>
  </div>
</div>
`;
