// Jest Snapshot v1, https://goo.gl/fbAQLP

exports[`matches snapshot 1`] = `
<div
  className="App"
>
  <header
    className="App-header"
  >
    <h1
      className="App-title"
    >
      Task List
    </h1>
  </header>
  <div
    className="Greet"
    onClick={[Function]}
  >
    This is a greet
  </div>
  <p
    className="App-intro"
  >
    Here is your list
  </p>
  <div>
    <h3>
      Tasks: 
      2
    </h3>
    <div>
      <div
        className="Task-data"
      >
        1
         - 
        Just do
      </div>
      <div>
        <a
          href="javascript:void(0)"
          onClick={[Function]}
        >
          Update
        </a>
         |
        <a
          href="javascript:void(0)"
          onClick={[Function]}
        >
          Delete
        </a>
      </div>
    </div>
    <div>
      <div
        className="Task-data"
      >
        2
         - 
        Just Chill
      </div>
      <div>
        <a
          href="javascript:void(0)"
          onClick={[Function]}
        >
          Update
        </a>
         |
        <a
          href="javascript:void(0)"
          onClick={[Function]}
        >
          Delete
        </a>
      </div>
    </div>
    <div>
      <a
        href="javascript:void(0)"
        onClick={[Function]}
      >
        Add Task
      </a>
    </div>
  </div>
</div>
`;
