// Jest Snapshot v1, https://goo.gl/fbAQLP

exports[`it matches snapshot 1`] = `
<div>
  <div>
    <label>
      Task
    </label>
  </div>
  <div>
    <input
      onChange={[Function]}
      type="text"
      value=""
    />
  </div>
  <div>
    <input
      onClick={[Function]}
      type="button"
      value="Save"
    />
  </div>
</div>
`;
