// Jest Snapshot v1, https://goo.gl/fbAQLP

exports[`it matches snapshot 1`] = `
<div>
  <h3>
    Tasks: 
    2
  </h3>
  <div>
    <div>
      2
      - 
    </div>
    <div>
      <a
        href="javascript:void(0)"
        onClick={[Function]}
      >
        Update
      </a>
       |
      <a
        href="javascript:void(0)"
        onClick={[Function]}
      >
        Delete
      </a>
    </div>
  </div>
  <div>
    <div>
      4
      - 
    </div>
    <div>
      <a
        href="javascript:void(0)"
        onClick={[Function]}
      >
        Update
      </a>
       |
      <a
        href="javascript:void(0)"
        onClick={[Function]}
      >
        Delete
      </a>
    </div>
  </div>
  <div>
    <a
      href="javascript:void(0)"
      onClick={[Function]}
    >
      Add Task
    </a>
  </div>
</div>
`;
