// Jest Snapshot v1, https://goo.gl/fbAQLP

exports[`it matches snapshot 1`] = `
<div>
  <div>
    <div>
      <div>
        1
      </div>
      <div>
        Just do
      </div>
    </div>
  </div>
  <div>
    <div>
      <div>
        2
      </div>
      <div>
        Just Chill
      </div>
    </div>
  </div>
</div>
`;
