// Jest Snapshot v1, https://goo.gl/fbAQLP

exports[`it matches snapshot 1`] = `
<div>
  <div>
    1
    - 
    test
  </div>
  <div>
    <a
      href="javascript:void(0)"
      onClick={[Function]}
    >
      Update
    </a>
     |
    <a
      href="javascript:void(0)"
      onClick={[Function]}
    >
      Delete
    </a>
  </div>
</div>
`;
